com/VetApp/PurrgentCare/dtos/PersonRequest$PersonRequestBuilder.class
com/VetApp/PurrgentCare/configurations/ModelMapperConfig.class
com/VetApp/PurrgentCare/repositories/AccountRepository.class
com/VetApp/PurrgentCare/dtos/PersonResponse.class
com/VetApp/PurrgentCare/models/Account.class
com/VetApp/PurrgentCare/dtos/AccountRequest$AccountRequestBuilder.class
com/VetApp/PurrgentCare/services/PetServiceImplementation.class
com/VetApp/PurrgentCare/dtos/AccountRequest.class
com/VetApp/PurrgentCare/controllers/AccountController.class
com/VetApp/PurrgentCare/controllers/PetController.class
com/VetApp/PurrgentCare/dtos/PetRequest$PetRequestBuilder.class
com/VetApp/PurrgentCare/dtos/AssociatePeopleWithAccountRequest.class
com/VetApp/PurrgentCare/dtos/AccountResponse.class
com/VetApp/PurrgentCare/dtos/PetResponse.class
com/VetApp/PurrgentCare/models/Person.class
com/VetApp/PurrgentCare/PurrgentCareApplication.class
com/VetApp/PurrgentCare/models/Account$AccountBuilder.class
com/VetApp/PurrgentCare/services/PersonServiceImplementation.class
com/VetApp/PurrgentCare/models/Person$PersonBuilder.class
com/VetApp/PurrgentCare/dtos/PetResponse$PetResponseBuilder.class
com/VetApp/PurrgentCare/repositories/PetRepository.class
com/VetApp/PurrgentCare/dtos/AccountResponse$AccountResponseBuilder.class
com/VetApp/PurrgentCare/controllers/PersonController.class
com/VetApp/PurrgentCare/dtos/PersonRequest.class
com/VetApp/PurrgentCare/services/PersonServiceInterface.class
com/VetApp/PurrgentCare/models/Pet$PetBuilder.class
com/VetApp/PurrgentCare/dtos/PersonResponse$PersonResponseBuilder.class
com/VetApp/PurrgentCare/services/AccountServiceImplementation.class
com/VetApp/PurrgentCare/services/PetServiceInterface.class
com/VetApp/PurrgentCare/dtos/PetRequest.class
com/VetApp/PurrgentCare/repositories/PersonRepository.class
com/VetApp/PurrgentCare/services/AccountServiceInterface.class
com/VetApp/PurrgentCare/models/Pet.class
