/Users/randallkeur/Projects/PurrgentCare/src/main/java/com/VetApp/PurrgentCare/repositories/AccountRepository.java
/Users/randallkeur/Projects/PurrgentCare/src/main/java/com/VetApp/PurrgentCare/repositories/PersonRepository.java
/Users/randallkeur/Projects/PurrgentCare/src/main/java/com/VetApp/PurrgentCare/services/AccountServiceInterface.java
/Users/randallkeur/Projects/PurrgentCare/src/main/java/com/VetApp/PurrgentCare/controllers/AccountController.java
/Users/randallkeur/Projects/PurrgentCare/src/main/java/com/VetApp/PurrgentCare/configurations/ModelMapperConfig.java
/Users/randallkeur/Projects/PurrgentCare/src/main/java/com/VetApp/PurrgentCare/services/PersonServiceImplementation.java
/Users/randallkeur/Projects/PurrgentCare/src/main/java/com/VetApp/PurrgentCare/PurrgentCareApplication.java
/Users/randallkeur/Projects/PurrgentCare/src/main/java/com/VetApp/PurrgentCare/services/PersonServiceInterface.java
/Users/randallkeur/Projects/PurrgentCare/src/main/java/com/VetApp/PurrgentCare/dtos/AssociatePeopleWithAccountRequest.java
/Users/randallkeur/Projects/PurrgentCare/src/main/java/com/VetApp/PurrgentCare/models/Pet.java
/Users/randallkeur/Projects/PurrgentCare/src/main/java/com/VetApp/PurrgentCare/dtos/PersonRequest.java
/Users/randallkeur/Projects/PurrgentCare/src/main/java/com/VetApp/PurrgentCare/dtos/AccountResponse.java
/Users/randallkeur/Projects/PurrgentCare/src/main/java/com/VetApp/PurrgentCare/controllers/PetController.java
/Users/randallkeur/Projects/PurrgentCare/src/main/java/com/VetApp/PurrgentCare/services/PetServiceImplementation.java
/Users/randallkeur/Projects/PurrgentCare/src/main/java/com/VetApp/PurrgentCare/models/Account.java
/Users/randallkeur/Projects/PurrgentCare/src/main/java/com/VetApp/PurrgentCare/controllers/PersonController.java
/Users/randallkeur/Projects/PurrgentCare/src/main/java/com/VetApp/PurrgentCare/services/PetServiceInterface.java
/Users/randallkeur/Projects/PurrgentCare/src/main/java/com/VetApp/PurrgentCare/dtos/PersonResponse.java
/Users/randallkeur/Projects/PurrgentCare/src/main/java/com/VetApp/PurrgentCare/repositories/PetRepository.java
/Users/randallkeur/Projects/PurrgentCare/src/main/java/com/VetApp/PurrgentCare/dtos/PetRequest.java
/Users/randallkeur/Projects/PurrgentCare/src/main/java/com/VetApp/PurrgentCare/services/AccountServiceImplementation.java
/Users/randallkeur/Projects/PurrgentCare/src/main/java/com/VetApp/PurrgentCare/models/Person.java
/Users/randallkeur/Projects/PurrgentCare/src/main/java/com/VetApp/PurrgentCare/dtos/PetResponse.java
/Users/randallkeur/Projects/PurrgentCare/src/main/java/com/VetApp/PurrgentCare/dtos/AccountRequest.java
